2026-07-31 00:06:54,247 INFO o.a.j.u.JMeterUtils: Setting Locale to en_EN
2026-07-31 00:06:54,271 INFO o.a.j.JMeter: Loading user properties from: /opt/homebrew/Cellar/jmeter/5.6.3/libexec/bin/user.properties
2026-07-31 00:06:54,272 INFO o.a.j.JMeter: Loading system properties from: /opt/homebrew/Cellar/jmeter/5.6.3/libexec/bin/system.properties
2026-07-31 00:06:54,277 INFO o.a.j.JMeter: Copyright (c) 1998-2024 The Apache Software Foundation
2026-07-31 00:06:54,277 INFO o.a.j.JMeter: Version 5.6.3
2026-07-31 00:06:54,277 INFO o.a.j.JMeter: java.version=21.0.12
2026-07-31 00:06:54,277 INFO o.a.j.JMeter: java.vm.name=OpenJDK 64-Bit Server VM
2026-07-31 00:06:54,277 INFO o.a.j.JMeter: os.name=Mac OS X
2026-07-31 00:06:54,277 INFO o.a.j.JMeter: os.arch=aarch64
2026-07-31 00:06:54,277 INFO o.a.j.JMeter: os.version=26.5.2
2026-07-31 00:06:54,278 INFO o.a.j.JMeter: file.encoding=UTF-8
2026-07-31 00:06:54,278 INFO o.a.j.JMeter: java.awt.headless=true
2026-07-31 00:06:54,278 INFO o.a.j.JMeter: Max memory     =1073741824
2026-07-31 00:06:54,278 INFO o.a.j.JMeter: Available Processors =8
2026-07-31 00:06:54,289 INFO o.a.j.JMeter: Default Locale=English (EN)
2026-07-31 00:06:54,289 INFO o.a.j.JMeter: JMeter  Locale=English (EN)
2026-07-31 00:06:54,289 INFO o.a.j.JMeter: JMeterHome=/opt/homebrew/Cellar/jmeter/5.6.3/libexec
2026-07-31 00:06:54,289 INFO o.a.j.JMeter: user.dir  =/Users/anatoliy/MyProject
2026-07-31 00:06:54,289 INFO o.a.j.JMeter: PWD       =/Users/anatoliy/MyProject
2026-07-31 00:06:54,291 INFO o.a.j.JMeter: IP: 127.0.0.1 Name: MacBook-Air-Anatoliy.local FullName: localhost
2026-07-31 00:06:54,304 INFO o.a.j.JMeter: Setting property 'jmeter.reportgenerator.outputdir' to:'/Users/anatoliy/MyProject/HTML_Report'
2026-07-31 00:06:54,307 INFO o.a.j.s.FileServer: Default base='/Users/anatoliy/MyProject'
2026-07-31 00:06:54,308 INFO o.a.j.s.FileServer: Set new base='/Users/anatoliy/MyProject'
2026-07-31 00:06:54,513 INFO o.a.j.s.SaveService: Testplan (JMX) version: 2.2. Testlog (JTL) version: 2.2
2026-07-31 00:06:54,555 INFO o.a.j.s.SaveService: Using SaveService properties version 5.0
2026-07-31 00:06:54,558 INFO o.a.j.s.SaveService: Using SaveService properties file encoding UTF-8
2026-07-31 00:06:54,562 INFO o.a.j.s.SaveService: Loading file: test.jmx
2026-07-31 00:06:54,617 INFO o.a.j.p.h.s.HTTPSamplerBase: Parser for text/html is org.apache.jmeter.protocol.http.parser.LagartoBasedHtmlParser
2026-07-31 00:06:54,617 INFO o.a.j.p.h.s.HTTPSamplerBase: Parser for application/xhtml+xml is org.apache.jmeter.protocol.http.parser.LagartoBasedHtmlParser
2026-07-31 00:06:54,617 INFO o.a.j.p.h.s.HTTPSamplerBase: Parser for application/xml is org.apache.jmeter.protocol.http.parser.LagartoBasedHtmlParser
2026-07-31 00:06:54,617 INFO o.a.j.p.h.s.HTTPSamplerBase: Parser for text/xml is org.apache.jmeter.protocol.http.parser.LagartoBasedHtmlParser
2026-07-31 00:06:54,617 INFO o.a.j.p.h.s.HTTPSamplerBase: Parser for text/vnd.wap.wml is org.apache.jmeter.protocol.http.parser.RegexpHTMLParser
2026-07-31 00:06:54,617 INFO o.a.j.p.h.s.HTTPSamplerBase: Parser for text/css is org.apache.jmeter.protocol.http.parser.CssParser
2026-07-31 00:06:54,634 INFO o.a.j.JMeter: Creating summariser <summary>
2026-07-31 00:06:54,643 INFO o.a.j.r.d.ReportGenerator: ReportGenerator will use for Parsing the separator: ','
2026-07-31 00:06:54,643 INFO o.a.j.r.d.ReportGenerator: Will generate report at end of test from  results file: performance_results.csv
2026-07-31 00:06:54,643 INFO o.a.j.r.d.ReportGenerator: Reading report generator properties from: /opt/homebrew/Cellar/jmeter/5.6.3/libexec/bin/reportgenerator.properties
2026-07-31 00:06:54,644 INFO o.a.j.r.d.ReportGenerator: Merging with JMeter properties
2026-07-31 00:06:54,647 INFO o.a.j.r.c.ReportGeneratorConfiguration: Property 'jmeter.reportgenerator.temp_dir' not found, using default value 'temp' instead.
2026-07-31 00:06:54,648 INFO o.a.j.r.c.ReportGeneratorConfiguration: Property 'jmeter.reportgenerator.apdex_per_transaction' not found, using default value 'null' instead.
2026-07-31 00:06:54,648 INFO o.a.j.r.c.ReportGeneratorConfiguration: apdex_per_transaction is empty, not APDEX per transaction customization
2026-07-31 00:06:54,648 INFO o.a.j.r.c.ReportGeneratorConfiguration: Property 'jmeter.reportgenerator.sample_filter' not found, using default value 'null' instead.
2026-07-31 00:06:54,648 INFO o.a.j.r.c.ReportGeneratorConfiguration: Property 'jmeter.reportgenerator.report_title' not found, using default value 'null' instead.
2026-07-31 00:06:54,648 INFO o.a.j.r.c.ReportGeneratorConfiguration: Property 'jmeter.reportgenerator.start_date' not found, using default value 'null' instead.
2026-07-31 00:06:54,649 INFO o.a.j.r.c.ReportGeneratorConfiguration: Property 'jmeter.reportgenerator.end_date' not found, using default value 'null' instead.
2026-07-31 00:06:54,649 INFO o.a.j.r.c.ReportGeneratorConfiguration: Property 'jmeter.reportgenerator.date_format' not found, using default value 'null' instead.
2026-07-31 00:06:54,649 INFO o.a.j.r.c.ReportGeneratorConfiguration: Will use date range start date: null, end date: null
2026-07-31 00:06:54,652 INFO o.a.j.r.c.ReportGeneratorConfiguration: Property 'jmeter.reportgenerator.graph.totalTPS.exclude_controllers' not found, using default value 'false' instead.
2026-07-31 00:06:54,653 INFO o.a.j.r.c.ReportGeneratorConfiguration: Property 'jmeter.reportgenerator.graph.activeThreadsOverTime.exclude_controllers' not found, using default value 'false' instead.
2026-07-31 00:06:54,653 INFO o.a.j.r.c.ReportGeneratorConfiguration: Property 'jmeter.reportgenerator.graph.timeVsThreads.exclude_controllers' not found, using default value 'false' instead.
2026-07-31 00:06:54,653 INFO o.a.j.r.c.ReportGeneratorConfiguration: Property 'jmeter.reportgenerator.graph.responseTimeDistribution.exclude_controllers' not found, using default value 'false' instead.
2026-07-31 00:06:54,653 INFO o.a.j.r.c.ReportGeneratorConfiguration: Property 'jmeter.reportgenerator.graph.transactionsPerSecond.exclude_controllers' not found, using default value 'false' instead.
2026-07-31 00:06:54,653 INFO o.a.j.r.c.ReportGeneratorConfiguration: Property 'jmeter.reportgenerator.graph.responseTimePercentiles.exclude_controllers' not found, using default value 'false' instead.
2026-07-31 00:06:54,653 INFO o.a.j.r.c.ReportGeneratorConfiguration: Property 'jmeter.reportgenerator.graph.responseTimePercentilesOverTime.exclude_controllers' not found, using default value 'false' instead.
2026-07-31 00:06:54,653 INFO o.a.j.r.c.ReportGeneratorConfiguration: Property 'jmeter.reportgenerator.graph.responseTimesOverTime.exclude_controllers' not found, using default value 'false' instead.
2026-07-31 00:06:54,653 INFO o.a.j.r.c.ReportGeneratorConfiguration: Property 'jmeter.reportgenerator.graph.connectTimeOverTime.exclude_controllers' not found, using default value 'false' instead.
2026-07-31 00:06:54,654 INFO o.a.j.r.c.ReportGeneratorConfiguration: Property 'jmeter.reportgenerator.graph.latenciesOverTime.exclude_controllers' not found, using default value 'false' instead.
2026-07-31 00:06:54,654 INFO o.a.j.r.c.ReportGeneratorConfiguration: Property 'jmeter.reportgenerator.exporter.json.filters_only_sample_series' not found, using default value 'true' instead.
2026-07-31 00:06:54,654 INFO o.a.j.r.c.ReportGeneratorConfiguration: Property 'jmeter.reportgenerator.exporter.json.series_filter' not found, using default value '' instead.
2026-07-31 00:06:54,654 INFO o.a.j.r.c.ReportGeneratorConfiguration: Property 'jmeter.reportgenerator.exporter.json.show_controllers_only' not found, using default value 'false' instead.
2026-07-31 00:06:54,654 INFO o.a.j.r.c.ReportGeneratorConfiguration: Property 'jmeter.reportgenerator.exporter.html.filters_only_sample_series' not found, using default value 'true' instead.
2026-07-31 00:06:54,655 INFO o.a.j.r.c.ReportGeneratorConfiguration: Property 'jmeter.reportgenerator.exporter.html.series_filter' not found, using default value '' instead.
2026-07-31 00:06:54,655 INFO o.a.j.r.c.ReportGeneratorConfiguration: Property 'jmeter.reportgenerator.exporter.html.show_controllers_only' not found, using default value 'false' instead.
2026-07-31 00:06:54,666 INFO o.a.j.e.StandardJMeterEngine: Running the test!
2026-07-31 00:06:54,666 INFO o.a.j.s.SampleEvent: List of sample_variables: []
2026-07-31 00:06:54,667 INFO o.a.j.s.SampleEvent: List of sample_variables: []
2026-07-31 00:06:54,671 INFO o.a.j.e.u.CompoundVariable: Note: Function class names must contain the string: '.functions.'
2026-07-31 00:06:54,671 INFO o.a.j.e.u.CompoundVariable: Note: Function class names must not contain the string: '.gui.'
2026-07-31 00:06:54,719 INFO o.a.j.r.ClassFinder: Will scan jar /opt/homebrew/Cellar/jmeter/5.6.3/libexec/lib/ext/jmeter-plugins-manager-1.9.jar with filter ExtendsClassFilter [parents=[interface org.apache.jmeter.functions.Function], inner=false, contains=null, notContains=null]. Consider exposing JMeter plugins via META-INF/services, and add JMeter-Skip-Class-Scanning=true manifest attribute so JMeter can skip classfile scanning
2026-07-31 00:06:54,791 INFO o.a.j.JMeter: Running test (1785445614791)
2026-07-31 00:06:54,803 INFO o.a.j.e.StandardJMeterEngine: Starting ThreadGroup: 1 : Thread Group
2026-07-31 00:06:54,803 INFO o.a.j.e.StandardJMeterEngine: Starting 5 threads for group Thread Group.
2026-07-31 00:06:54,803 INFO o.a.j.e.StandardJMeterEngine: Thread will continue on error
2026-07-31 00:06:54,804 INFO o.a.j.t.ThreadGroup: Starting thread group... number=1 threads=5 ramp-up=10 delayedStart=false
2026-07-31 00:06:54,809 INFO o.a.j.t.JMeterThread: Thread started: Thread Group 1-1
2026-07-31 00:06:54,811 INFO o.a.j.t.ThreadGroup: Started thread group number 1
2026-07-31 00:06:54,811 INFO o.a.j.e.StandardJMeterEngine: All thread groups have been started
2026-07-31 00:06:54,825 INFO o.a.j.p.h.s.HTTPHCAbstractImpl: Local host = MacBook-Air-Anatoliy.local
2026-07-31 00:06:54,833 INFO o.a.j.p.h.s.HTTPHC4Impl: HTTP request retry count = 0
2026-07-31 00:06:54,834 INFO o.a.j.s.SampleResult: Note: Sample TimeStamps are START times
2026-07-31 00:06:54,834 INFO o.a.j.s.SampleResult: sampleresult.default.encoding is set to UTF-8
2026-07-31 00:06:54,834 INFO o.a.j.s.SampleResult: sampleresult.useNanoTime=true
2026-07-31 00:06:54,834 INFO o.a.j.s.SampleResult: sampleresult.nanoThreadSleep=5000
2026-07-31 00:06:54,908 INFO o.a.j.p.h.s.h.LazyLayeredConnectionSocketFactory: Setting up HTTPS TrustAll Socket Factory
2026-07-31 00:06:54,914 INFO o.a.j.u.JsseSSLManager: Using default SSL protocol: TLS
2026-07-31 00:06:54,915 INFO o.a.j.u.JsseSSLManager: SSL session context: per-thread
2026-07-31 00:06:54,995 INFO o.a.j.u.SSLManager: JmeterKeyStore Location:  type JKS
2026-07-31 00:06:54,999 INFO o.a.j.u.SSLManager: KeyStore created OK
2026-07-31 00:06:54,999 WARN o.a.j.u.SSLManager: Keystore file not found, loading empty keystore
2026-07-31 00:06:56,811 INFO o.a.j.t.JMeterThread: Thread started: Thread Group 1-2
2026-07-31 00:06:58,007 INFO o.a.j.t.JMeterThread: Thread is done: Thread Group 1-1
2026-07-31 00:06:58,007 INFO o.a.j.t.JMeterThread: Thread finished: Thread Group 1-1
2026-07-31 00:06:58,811 INFO o.a.j.t.JMeterThread: Thread started: Thread Group 1-3
2026-07-31 00:06:59,184 INFO o.a.j.t.JMeterThread: Thread is done: Thread Group 1-2
2026-07-31 00:06:59,184 INFO o.a.j.t.JMeterThread: Thread finished: Thread Group 1-2
2026-07-31 00:07:00,161 INFO o.a.j.r.Summariser: summary +     39 in 00:00:05 =    7.3/s Avg:   174 Min:    53 Max:   414 Err:     0 (0.00%) Active: 1 Started: 3 Finished: 2
2026-07-31 00:07:00,812 INFO o.a.j.t.JMeterThread: Thread started: Thread Group 1-4
2026-07-31 00:07:01,123 INFO o.a.j.t.JMeterThread: Thread is done: Thread Group 1-3
2026-07-31 00:07:01,123 INFO o.a.j.t.JMeterThread: Thread finished: Thread Group 1-3
2026-07-31 00:07:02,808 INFO o.a.j.t.JMeterThread: Thread started: Thread Group 1-5
2026-07-31 00:07:03,137 INFO o.a.j.t.JMeterThread: Thread is done: Thread Group 1-4
2026-07-31 00:07:03,137 INFO o.a.j.t.JMeterThread: Thread finished: Thread Group 1-4
2026-07-31 00:07:05,252 INFO o.a.j.t.JMeterThread: Thread is done: Thread Group 1-5
2026-07-31 00:07:05,252 INFO o.a.j.t.JMeterThread: Thread finished: Thread Group 1-5
2026-07-31 00:07:05,253 INFO o.a.j.e.StandardJMeterEngine: Notifying test listeners of end of test
2026-07-31 00:07:05,255 INFO o.a.j.r.Summariser: summary +     36 in 00:00:05 =    7.1/s Avg:   158 Min:    53 Max:   219 Err:     0 (0.00%) Active: 0 Started: 5 Finished: 5
2026-07-31 00:07:05,256 INFO o.a.j.r.Summariser: summary =     75 in 00:00:10 =    7.2/s Avg:   166 Min:    53 Max:   414 Err:     0 (0.00%)
2026-07-31 00:07:05,257 INFO o.a.j.JMeter: Generating Dashboard
2026-07-31 00:07:05,257 INFO o.a.j.r.d.ReportGenerator: Flushing result collector before report Generation
2026-07-31 00:07:05,274 INFO o.a.j.r.p.NormalizerSampleConsumer: Using format, 'ms', to parse timeStamp field
2026-07-31 00:07:05,319 INFO o.a.j.r.p.AbstractSampleConsumer: class org.apache.jmeter.report.processor.AggregateConsumer#stopProducing(): beginDate produced 0 samples
2026-07-31 00:07:05,320 INFO o.a.j.r.p.AbstractSampleConsumer: class org.apache.jmeter.report.processor.AggregateConsumer#stopProducing(): endDate produced 0 samples
2026-07-31 00:07:05,321 INFO o.a.j.r.p.AbstractSampleConsumer: class org.apache.jmeter.report.processor.ApdexSummaryConsumer#stopProducing(): apdexSummary produced 0 samples
2026-07-31 00:07:05,321 INFO o.a.j.r.p.AbstractSampleConsumer: class org.apache.jmeter.report.processor.RequestsSummaryConsumer#stopProducing(): requestsSummary produced 0 samples
2026-07-31 00:07:05,323 INFO o.a.j.r.p.AbstractSampleConsumer: class org.apache.jmeter.report.processor.StatisticsSummaryConsumer#stopProducing(): statisticsSummary produced 0 samples
2026-07-31 00:07:05,325 INFO o.a.j.r.p.AbstractSampleConsumer: class org.apache.jmeter.report.processor.Top5ErrorsBySamplerConsumer#stopProducing(): top5ErrorsBySampler produced 0 samples
2026-07-31 00:07:05,325 INFO o.a.j.r.p.AbstractSampleConsumer: class org.apache.jmeter.report.processor.ErrorsSummaryConsumer#stopProducing(): errorsSummary produced 0 samples
2026-07-31 00:07:05,325 INFO o.a.j.r.p.AbstractSampleConsumer: class org.apache.jmeter.report.processor.graph.impl.HitsPerSecondGraphConsumer#stopProducing(): hitsPerSecond produced 0 samples
2026-07-31 00:07:05,335 INFO o.a.j.r.p.AbstractSampleConsumer: class org.apache.jmeter.report.processor.graph.impl.LatencyVSRequestGraphConsumer#stopProducing(): latencyVsRequest produced 0 samples
2026-07-31 00:07:05,335 INFO o.a.j.r.p.AbstractSampleConsumer: class org.apache.jmeter.report.processor.graph.impl.SyntheticResponseTimeDistributionGraphConsumer#stopProducing(): syntheticResponseTimeDistribution produced 0 samples
2026-07-31 00:07:05,335 INFO o.a.j.r.p.AbstractSampleConsumer: class org.apache.jmeter.report.processor.graph.impl.BytesThroughputGraphConsumer#stopProducing(): bytesThroughputOverTime produced 0 samples
2026-07-31 00:07:05,336 INFO o.a.j.r.p.AbstractSampleConsumer: class org.apache.jmeter.report.processor.graph.impl.CodesPerSecondGraphConsumer#stopProducing(): codesPerSecond produced 0 samples
2026-07-31 00:07:05,338 INFO o.a.j.r.p.AbstractSampleConsumer: class org.apache.jmeter.report.processor.graph.impl.ResponseTimeVSRequestGraphConsumer#stopProducing(): responseTimeVsRequest produced 0 samples
2026-07-31 00:07:05,338 INFO o.a.j.r.p.AbstractSampleConsumer: class org.apache.jmeter.report.processor.FilterConsumer#stopProducing(): startIntervalControlerFilter produced 525 samples
2026-07-31 00:07:05,338 INFO o.a.j.r.p.AbstractSampleConsumer: class org.apache.jmeter.report.processor.graph.impl.TotalTPSGraphConsumer#stopProducing(): totalTPS produced 0 samples
2026-07-31 00:07:05,338 INFO o.a.j.r.p.AbstractSampleConsumer: class org.apache.jmeter.report.processor.graph.impl.ActiveThreadsGraphConsumer#stopProducing(): activeThreadsOverTime produced 0 samples
2026-07-31 00:07:05,338 INFO o.a.j.r.p.AbstractSampleConsumer: class org.apache.jmeter.report.processor.graph.impl.TimeVSThreadGraphConsumer#stopProducing(): timeVsThreads produced 0 samples
2026-07-31 00:07:05,338 INFO o.a.j.r.p.AbstractSampleConsumer: class org.apache.jmeter.report.processor.graph.impl.ResponseTimeDistributionGraphConsumer#stopProducing(): responseTimeDistribution produced 0 samples
2026-07-31 00:07:05,338 INFO o.a.j.r.p.AbstractSampleConsumer: class org.apache.jmeter.report.processor.graph.impl.TransactionsPerSecondGraphConsumer#stopProducing(): transactionsPerSecond produced 0 samples
2026-07-31 00:07:05,339 INFO o.a.j.r.p.AbstractSampleConsumer: class org.apache.jmeter.report.processor.graph.impl.ResponseTimePercentilesGraphConsumer#stopProducing(): responseTimePercentiles produced 0 samples
2026-07-31 00:07:05,340 INFO o.a.j.r.p.AbstractSampleConsumer: class org.apache.jmeter.report.processor.graph.impl.ResponseTimePercentilesOverTimeGraphConsumer#stopProducing(): responseTimePercentilesOverTime produced 0 samples
2026-07-31 00:07:05,340 INFO o.a.j.r.p.AbstractSampleConsumer: class org.apache.jmeter.report.processor.graph.impl.ResponseTimeOverTimeGraphConsumer#stopProducing(): responseTimesOverTime produced 0 samples
2026-07-31 00:07:05,340 INFO o.a.j.r.p.AbstractSampleConsumer: class org.apache.jmeter.report.processor.graph.impl.ConnectTimeOverTimeGraphConsumer#stopProducing(): connectTimeOverTime produced 0 samples
2026-07-31 00:07:05,340 INFO o.a.j.r.p.AbstractSampleConsumer: class org.apache.jmeter.report.processor.graph.impl.LatencyOverTimeGraphConsumer#stopProducing(): latenciesOverTime produced 0 samples
2026-07-31 00:07:05,340 INFO o.a.j.r.p.AbstractSampleConsumer: class org.apache.jmeter.report.processor.FilterConsumer#stopProducing(): nameFilter produced 1125 samples
2026-07-31 00:07:05,340 INFO o.a.j.r.p.AbstractSampleConsumer: class org.apache.jmeter.report.processor.FilterConsumer#stopProducing(): dateRangeFilter produced 225 samples
2026-07-31 00:07:05,340 INFO o.a.j.r.p.AbstractSampleConsumer: class org.apache.jmeter.report.processor.NormalizerSampleConsumer#stopProducing(): normalizer produced 75 samples
2026-07-31 00:07:05,341 INFO o.a.j.r.p.CsvFileSampleSource: produce(): 75 samples produced in 50ms on channel 0
2026-07-31 00:07:05,341 INFO o.a.j.r.d.ReportGenerator: Exporting data using exporter:'json' of className:'org.apache.jmeter.report.dashboard.JsonExporter'
2026-07-31 00:07:05,392 INFO o.a.j.r.d.JsonExporter: Found data for consumer statisticsSummary in context
2026-07-31 00:07:05,392 INFO o.a.j.r.d.JsonExporter: Creating statistics for overall
2026-07-31 00:07:05,392 INFO o.a.j.r.d.JsonExporter: Creating statistics for other transactions
2026-07-31 00:07:05,393 INFO o.a.j.r.d.JsonExporter: Checking output folder
2026-07-31 00:07:05,393 INFO o.a.j.r.d.JsonExporter: Writing statistics JSON to /Users/anatoliy/MyProject/HTML_Report/statistics.json
2026-07-31 00:07:05,420 INFO o.a.j.r.d.ReportGenerator: Exporting data using exporter:'html' of className:'org.apache.jmeter.report.dashboard.HtmlTemplateExporter'
2026-07-31 00:07:05,421 INFO o.a.j.r.d.HtmlTemplateExporter: Will generate dashboard in folder: /Users/anatoliy/MyProject/HTML_Report
2026-07-31 00:07:05,494 INFO o.a.j.r.d.HtmlTemplateExporter: Report will be generated in: /Users/anatoliy/MyProject/HTML_Report, creating folder structure
2026-07-31 00:07:05,495 INFO o.a.j.r.d.TemplateVisitor: Copying folder from '/opt/homebrew/Cellar/jmeter/5.6.3/libexec/bin/report-template' to '/Users/anatoliy/MyProject/HTML_Report', got message: /Users/anatoliy/MyProject/HTML_Report, found non empty folder with following content [/Users/anatoliy/MyProject/HTML_Report/statistics.json], will be ignored
2026-07-31 00:07:05,700 INFO o.a.j.JMeter: Dashboard generated
