2026-07-30 23:25:01,914 INFO o.a.j.u.JMeterUtils: Setting Locale to en_EN
2026-07-30 23:25:01,930 INFO o.a.j.JMeter: Loading user properties from: /opt/homebrew/Cellar/jmeter/5.6.3/libexec/bin/user.properties
2026-07-30 23:25:01,930 INFO o.a.j.JMeter: Loading system properties from: /opt/homebrew/Cellar/jmeter/5.6.3/libexec/bin/system.properties
2026-07-30 23:25:01,930 INFO o.a.j.JMeter: Setting JMeter property: jmeter.save.saveservice.output_format=xml
2026-07-30 23:25:01,930 INFO o.a.j.JMeter: Setting JMeter property: jmeter.save.saveservice.response_data=true
2026-07-30 23:25:01,930 INFO o.a.j.JMeter: Setting JMeter property: jmeter.save.saveservice.samplerData=true
2026-07-30 23:25:01,930 INFO o.a.j.JMeter: Setting JMeter property: jmeter.save.saveservice.requestHeaders=true
2026-07-30 23:25:01,930 INFO o.a.j.JMeter: Setting JMeter property: jmeter.save.saveservice.responseHeaders=true
2026-07-30 23:25:01,930 INFO o.a.j.JMeter: Setting JMeter property: jmeter.save.saveservice.assertion_results_failure_message=true
2026-07-30 23:25:01,933 INFO o.a.j.JMeter: Copyright (c) 1998-2024 The Apache Software Foundation
2026-07-30 23:25:01,933 INFO o.a.j.JMeter: Version 5.6.3
2026-07-30 23:25:01,934 INFO o.a.j.JMeter: java.version=21.0.12
2026-07-30 23:25:01,934 INFO o.a.j.JMeter: java.vm.name=OpenJDK 64-Bit Server VM
2026-07-30 23:25:01,934 INFO o.a.j.JMeter: os.name=Mac OS X
2026-07-30 23:25:01,934 INFO o.a.j.JMeter: os.arch=aarch64
2026-07-30 23:25:01,934 INFO o.a.j.JMeter: os.version=26.5.2
2026-07-30 23:25:01,934 INFO o.a.j.JMeter: file.encoding=UTF-8
2026-07-30 23:25:01,934 INFO o.a.j.JMeter: java.awt.headless=true
2026-07-30 23:25:01,934 INFO o.a.j.JMeter: Max memory     =1073741824
2026-07-30 23:25:01,934 INFO o.a.j.JMeter: Available Processors =8
2026-07-30 23:25:01,941 INFO o.a.j.JMeter: Default Locale=English (EN)
2026-07-30 23:25:01,941 INFO o.a.j.JMeter: JMeter  Locale=English (EN)
2026-07-30 23:25:01,941 INFO o.a.j.JMeter: JMeterHome=/opt/homebrew/Cellar/jmeter/5.6.3/libexec
2026-07-30 23:25:01,941 INFO o.a.j.JMeter: user.dir  =/Users/anatoliy/MyProject
2026-07-30 23:25:01,941 INFO o.a.j.JMeter: PWD       =/Users/anatoliy/MyProject
2026-07-30 23:25:01,944 INFO o.a.j.JMeter: IP: 127.0.0.1 Name: MacBook-Air-Anatoliy.local FullName: localhost
2026-07-30 23:25:01,952 INFO o.a.j.s.FileServer: Default base='/Users/anatoliy/MyProject'
2026-07-30 23:25:01,952 INFO o.a.j.s.FileServer: Set new base='/Users/anatoliy/MyProject'
2026-07-30 23:25:02,074 INFO o.a.j.s.SaveService: Testplan (JMX) version: 2.2. Testlog (JTL) version: 2.2
2026-07-30 23:25:02,096 INFO o.a.j.s.SaveService: Using SaveService properties version 5.0
2026-07-30 23:25:02,098 INFO o.a.j.s.SaveService: Using SaveService properties file encoding UTF-8
2026-07-30 23:25:02,100 INFO o.a.j.s.SaveService: Loading file: /Users/anatoliy/MyProject/test.jmx
2026-07-30 23:25:02,140 INFO o.a.j.p.h.s.HTTPSamplerBase: Parser for text/html is org.apache.jmeter.protocol.http.parser.LagartoBasedHtmlParser
2026-07-30 23:25:02,140 INFO o.a.j.p.h.s.HTTPSamplerBase: Parser for application/xhtml+xml is org.apache.jmeter.protocol.http.parser.LagartoBasedHtmlParser
2026-07-30 23:25:02,140 INFO o.a.j.p.h.s.HTTPSamplerBase: Parser for application/xml is org.apache.jmeter.protocol.http.parser.LagartoBasedHtmlParser
2026-07-30 23:25:02,140 INFO o.a.j.p.h.s.HTTPSamplerBase: Parser for text/xml is org.apache.jmeter.protocol.http.parser.LagartoBasedHtmlParser
2026-07-30 23:25:02,140 INFO o.a.j.p.h.s.HTTPSamplerBase: Parser for text/vnd.wap.wml is org.apache.jmeter.protocol.http.parser.RegexpHTMLParser
2026-07-30 23:25:02,140 INFO o.a.j.p.h.s.HTTPSamplerBase: Parser for text/css is org.apache.jmeter.protocol.http.parser.CssParser
2026-07-30 23:25:02,152 INFO o.a.j.JMeter: Creating summariser <summary>
2026-07-30 23:25:02,166 INFO o.a.j.e.StandardJMeterEngine: Running the test!
2026-07-30 23:25:02,167 INFO o.a.j.s.SampleEvent: List of sample_variables: []
2026-07-30 23:25:02,167 INFO o.a.j.s.SampleEvent: List of sample_variables: []
2026-07-30 23:25:02,170 INFO o.a.j.e.u.CompoundVariable: Note: Function class names must contain the string: '.functions.'
2026-07-30 23:25:02,170 INFO o.a.j.e.u.CompoundVariable: Note: Function class names must not contain the string: '.gui.'
2026-07-30 23:25:02,211 INFO o.a.j.r.ClassFinder: Will scan jar /opt/homebrew/Cellar/jmeter/5.6.3/libexec/lib/ext/jmeter-plugins-manager-1.9.jar with filter ExtendsClassFilter [parents=[interface org.apache.jmeter.functions.Function], inner=false, contains=null, notContains=null]. Consider exposing JMeter plugins via META-INF/services, and add JMeter-Skip-Class-Scanning=true manifest attribute so JMeter can skip classfile scanning
2026-07-30 23:25:02,269 INFO o.a.j.JMeter: Running test (1785443102269)
2026-07-30 23:25:02,280 INFO o.a.j.e.StandardJMeterEngine: Starting ThreadGroup: 1 : Thread Group
2026-07-30 23:25:02,280 INFO o.a.j.e.StandardJMeterEngine: Starting 10 threads for group Thread Group.
2026-07-30 23:25:02,280 INFO o.a.j.e.StandardJMeterEngine: Thread will continue on error
2026-07-30 23:25:02,280 INFO o.a.j.t.ThreadGroup: Starting thread group... number=1 threads=10 ramp-up=60 delayedStart=false
2026-07-30 23:25:02,285 INFO o.a.j.t.JMeterThread: Thread started: Thread Group 1-1
2026-07-30 23:25:02,288 INFO o.a.j.t.ThreadGroup: Started thread group number 1
2026-07-30 23:25:02,288 INFO o.a.j.e.StandardJMeterEngine: All thread groups have been started
2026-07-30 23:25:02,295 INFO o.a.j.p.h.s.HTTPHCAbstractImpl: Local host = MacBook-Air-Anatoliy.local
2026-07-30 23:25:02,299 INFO o.a.j.p.h.s.HTTPHC4Impl: HTTP request retry count = 0
2026-07-30 23:25:02,300 INFO o.a.j.s.SampleResult: Note: Sample TimeStamps are START times
2026-07-30 23:25:02,300 INFO o.a.j.s.SampleResult: sampleresult.default.encoding is set to UTF-8
2026-07-30 23:25:02,300 INFO o.a.j.s.SampleResult: sampleresult.useNanoTime=true
2026-07-30 23:25:02,300 INFO o.a.j.s.SampleResult: sampleresult.nanoThreadSleep=5000
2026-07-30 23:25:02,347 INFO o.a.j.r.Summariser: summary +      1 in 00:00:00 =   12.8/s Avg:     0 Min:     0 Max:     0 Err:     1 (100.00%) Active: 1 Started: 1 Finished: 0
2026-07-30 23:25:02,362 INFO o.a.j.t.JMeterThread: Thread is done: Thread Group 1-1
2026-07-30 23:25:02,362 INFO o.a.j.t.JMeterThread: Thread finished: Thread Group 1-1
2026-07-30 23:25:08,287 INFO o.a.j.t.JMeterThread: Thread started: Thread Group 1-2
2026-07-30 23:25:08,314 INFO o.a.j.t.JMeterThread: Thread is done: Thread Group 1-2
2026-07-30 23:25:08,314 INFO o.a.j.t.JMeterThread: Thread finished: Thread Group 1-2
2026-07-30 23:25:14,284 INFO o.a.j.t.JMeterThread: Thread started: Thread Group 1-3
2026-07-30 23:25:14,295 INFO o.a.j.t.JMeterThread: Thread is done: Thread Group 1-3
2026-07-30 23:25:14,296 INFO o.a.j.t.JMeterThread: Thread finished: Thread Group 1-3
2026-07-30 23:25:20,283 INFO o.a.j.t.JMeterThread: Thread started: Thread Group 1-4
2026-07-30 23:25:20,296 INFO o.a.j.t.JMeterThread: Thread is done: Thread Group 1-4
2026-07-30 23:25:20,296 INFO o.a.j.t.JMeterThread: Thread finished: Thread Group 1-4
2026-07-30 23:25:26,283 INFO o.a.j.t.JMeterThread: Thread started: Thread Group 1-5
2026-07-30 23:25:26,303 INFO o.a.j.t.JMeterThread: Thread is done: Thread Group 1-5
2026-07-30 23:25:26,303 INFO o.a.j.t.JMeterThread: Thread finished: Thread Group 1-5
2026-07-30 23:25:32,287 INFO o.a.j.t.JMeterThread: Thread started: Thread Group 1-6
2026-07-30 23:25:32,291 INFO o.a.j.r.Summariser: summary +     75 in 00:00:30 =    2.5/s Avg:     0 Min:     0 Max:     1 Err:    75 (100.00%) Active: 1 Started: 6 Finished: 5
2026-07-30 23:25:32,292 INFO o.a.j.r.Summariser: summary =     76 in 00:00:30 =    2.5/s Avg:     0 Min:     0 Max:     1 Err:    76 (100.00%)
2026-07-30 23:25:32,306 INFO o.a.j.t.JMeterThread: Thread is done: Thread Group 1-6
2026-07-30 23:25:32,306 INFO o.a.j.t.JMeterThread: Thread finished: Thread Group 1-6
2026-07-30 23:25:38,282 INFO o.a.j.t.JMeterThread: Thread started: Thread Group 1-7
2026-07-30 23:25:38,301 INFO o.a.j.t.JMeterThread: Thread is done: Thread Group 1-7
2026-07-30 23:25:38,301 INFO o.a.j.t.JMeterThread: Thread finished: Thread Group 1-7
2026-07-30 23:25:44,284 INFO o.a.j.t.JMeterThread: Thread started: Thread Group 1-8
2026-07-30 23:25:44,294 INFO o.a.j.t.JMeterThread: Thread is done: Thread Group 1-8
2026-07-30 23:25:44,294 INFO o.a.j.t.JMeterThread: Thread finished: Thread Group 1-8
2026-07-30 23:25:50,284 INFO o.a.j.t.JMeterThread: Thread started: Thread Group 1-9
2026-07-30 23:25:50,297 INFO o.a.j.t.JMeterThread: Thread is done: Thread Group 1-9
2026-07-30 23:25:50,297 INFO o.a.j.t.JMeterThread: Thread finished: Thread Group 1-9
2026-07-30 23:25:56,284 INFO o.a.j.t.JMeterThread: Thread started: Thread Group 1-10
2026-07-30 23:25:56,297 INFO o.a.j.t.JMeterThread: Thread is done: Thread Group 1-10
2026-07-30 23:25:56,298 INFO o.a.j.t.JMeterThread: Thread finished: Thread Group 1-10
2026-07-30 23:25:56,298 INFO o.a.j.e.StandardJMeterEngine: Notifying test listeners of end of test
2026-07-30 23:25:56,300 INFO o.a.j.r.Summariser: summary +     74 in 00:00:24 =    3.1/s Avg:     0 Min:     0 Max:     1 Err:    74 (100.00%) Active: 0 Started: 10 Finished: 10
2026-07-30 23:25:56,300 INFO o.a.j.r.Summariser: summary =    150 in 00:00:54 =    2.8/s Avg:     0 Min:     0 Max:     1 Err:   150 (100.00%)
