2026-07-30 21:16:33,890 INFO o.a.j.u.JMeterUtils: Setting Locale to en_EN
2026-07-30 21:16:33,910 INFO o.a.j.JMeter: Loading user properties from: /opt/homebrew/Cellar/jmeter/5.6.3/libexec/bin/user.properties
2026-07-30 21:16:33,911 INFO o.a.j.JMeter: Loading system properties from: /opt/homebrew/Cellar/jmeter/5.6.3/libexec/bin/system.properties
2026-07-30 21:16:33,911 INFO o.a.j.JMeter: Setting JMeter property: jmeter.save.saveservice.output_format=xml
2026-07-30 21:16:33,911 INFO o.a.j.JMeter: Setting JMeter property: jmeter.save.saveservice.response_data=true
2026-07-30 21:16:33,911 INFO o.a.j.JMeter: Setting JMeter property: jmeter.save.saveservice.samplerData=true
2026-07-30 21:16:33,911 INFO o.a.j.JMeter: Setting JMeter property: jmeter.save.saveservice.requestHeaders=true
2026-07-30 21:16:33,911 INFO o.a.j.JMeter: Setting JMeter property: jmeter.save.saveservice.responseHeaders=true
2026-07-30 21:16:33,911 INFO o.a.j.JMeter: Setting JMeter property: jmeter.save.saveservice.assertion_results_failure_message=true
2026-07-30 21:16:33,914 INFO o.a.j.JMeter: Copyright (c) 1998-2024 The Apache Software Foundation
2026-07-30 21:16:33,915 INFO o.a.j.JMeter: Version 5.6.3
2026-07-30 21:16:33,915 INFO o.a.j.JMeter: java.version=21.0.12
2026-07-30 21:16:33,915 INFO o.a.j.JMeter: java.vm.name=OpenJDK 64-Bit Server VM
2026-07-30 21:16:33,915 INFO o.a.j.JMeter: os.name=Mac OS X
2026-07-30 21:16:33,915 INFO o.a.j.JMeter: os.arch=aarch64
2026-07-30 21:16:33,915 INFO o.a.j.JMeter: os.version=26.5.2
2026-07-30 21:16:33,915 INFO o.a.j.JMeter: file.encoding=UTF-8
2026-07-30 21:16:33,915 INFO o.a.j.JMeter: java.awt.headless=true
2026-07-30 21:16:33,915 INFO o.a.j.JMeter: Max memory     =1073741824
2026-07-30 21:16:33,915 INFO o.a.j.JMeter: Available Processors =8
2026-07-30 21:16:33,922 INFO o.a.j.JMeter: Default Locale=English (EN)
2026-07-30 21:16:33,922 INFO o.a.j.JMeter: JMeter  Locale=English (EN)
2026-07-30 21:16:33,922 INFO o.a.j.JMeter: JMeterHome=/opt/homebrew/Cellar/jmeter/5.6.3/libexec
2026-07-30 21:16:33,922 INFO o.a.j.JMeter: user.dir  =/Users/anatoliy/MyProject
2026-07-30 21:16:33,922 INFO o.a.j.JMeter: PWD       =/Users/anatoliy/MyProject
2026-07-30 21:16:33,924 INFO o.a.j.JMeter: IP: 127.0.0.1 Name: MacBook-Air-Anatoliy.local FullName: localhost
2026-07-30 21:16:33,935 INFO o.a.j.s.FileServer: Default base='/Users/anatoliy/MyProject'
2026-07-30 21:16:33,935 INFO o.a.j.s.FileServer: Set new base='/Users/anatoliy/MyProject'
2026-07-30 21:16:34,062 INFO o.a.j.s.SaveService: Testplan (JMX) version: 2.2. Testlog (JTL) version: 2.2
2026-07-30 21:16:34,086 INFO o.a.j.s.SaveService: Using SaveService properties version 5.0
2026-07-30 21:16:34,088 INFO o.a.j.s.SaveService: Using SaveService properties file encoding UTF-8
2026-07-30 21:16:34,090 INFO o.a.j.s.SaveService: Loading file: /Users/anatoliy/MyProject/test.jmx
2026-07-30 21:16:34,133 INFO o.a.j.p.h.s.HTTPSamplerBase: Parser for text/html is org.apache.jmeter.protocol.http.parser.LagartoBasedHtmlParser
2026-07-30 21:16:34,133 INFO o.a.j.p.h.s.HTTPSamplerBase: Parser for application/xhtml+xml is org.apache.jmeter.protocol.http.parser.LagartoBasedHtmlParser
2026-07-30 21:16:34,133 INFO o.a.j.p.h.s.HTTPSamplerBase: Parser for application/xml is org.apache.jmeter.protocol.http.parser.LagartoBasedHtmlParser
2026-07-30 21:16:34,133 INFO o.a.j.p.h.s.HTTPSamplerBase: Parser for text/xml is org.apache.jmeter.protocol.http.parser.LagartoBasedHtmlParser
2026-07-30 21:16:34,133 INFO o.a.j.p.h.s.HTTPSamplerBase: Parser for text/vnd.wap.wml is org.apache.jmeter.protocol.http.parser.RegexpHTMLParser
2026-07-30 21:16:34,133 INFO o.a.j.p.h.s.HTTPSamplerBase: Parser for text/css is org.apache.jmeter.protocol.http.parser.CssParser
2026-07-30 21:16:34,138 INFO o.a.j.JMeter: Creating summariser <summary>
2026-07-30 21:16:34,156 INFO o.a.j.e.StandardJMeterEngine: Running the test!
2026-07-30 21:16:34,157 INFO o.a.j.s.SampleEvent: List of sample_variables: []
2026-07-30 21:16:34,157 INFO o.a.j.s.SampleEvent: List of sample_variables: []
2026-07-30 21:16:34,161 INFO o.a.j.e.u.CompoundVariable: Note: Function class names must contain the string: '.functions.'
2026-07-30 21:16:34,162 INFO o.a.j.e.u.CompoundVariable: Note: Function class names must not contain the string: '.gui.'
2026-07-30 21:16:34,211 INFO o.a.j.r.ClassFinder: Will scan jar /opt/homebrew/Cellar/jmeter/5.6.3/libexec/lib/ext/jmeter-plugins-manager-1.9.jar with filter ExtendsClassFilter [parents=[interface org.apache.jmeter.functions.Function], inner=false, contains=null, notContains=null]. Consider exposing JMeter plugins via META-INF/services, and add JMeter-Skip-Class-Scanning=true manifest attribute so JMeter can skip classfile scanning
2026-07-30 21:16:34,281 INFO o.a.j.JMeter: Running test (1785435394280)
2026-07-30 21:16:34,293 INFO o.a.j.e.StandardJMeterEngine: Starting ThreadGroup: 1 : Thread Group
2026-07-30 21:16:34,294 INFO o.a.j.e.StandardJMeterEngine: Starting 1 threads for group Thread Group.
2026-07-30 21:16:34,294 INFO o.a.j.e.StandardJMeterEngine: Thread will continue on error
2026-07-30 21:16:34,294 INFO o.a.j.t.ThreadGroup: Starting thread group... number=1 threads=1 ramp-up=1 delayedStart=false
2026-07-30 21:16:34,297 INFO o.a.j.t.ThreadGroup: Started thread group number 1
2026-07-30 21:16:34,297 INFO o.a.j.e.StandardJMeterEngine: All thread groups have been started
2026-07-30 21:16:34,298 INFO o.a.j.t.JMeterThread: Thread started: Thread Group 1-1
2026-07-30 21:16:34,311 INFO o.a.j.p.h.s.HTTPHCAbstractImpl: Local host = MacBook-Air-Anatoliy.local
2026-07-30 21:16:34,315 INFO o.a.j.p.h.s.HTTPHC4Impl: HTTP request retry count = 0
2026-07-30 21:16:34,316 INFO o.a.j.s.SampleResult: Note: Sample TimeStamps are START times
2026-07-30 21:16:34,316 INFO o.a.j.s.SampleResult: sampleresult.default.encoding is set to UTF-8
2026-07-30 21:16:34,316 INFO o.a.j.s.SampleResult: sampleresult.useNanoTime=true
2026-07-30 21:16:34,316 INFO o.a.j.s.SampleResult: sampleresult.nanoThreadSleep=5000
2026-07-30 21:16:34,392 INFO o.a.j.p.h.s.h.LazyLayeredConnectionSocketFactory: Setting up HTTPS TrustAll Socket Factory
2026-07-30 21:16:34,397 INFO o.a.j.u.JsseSSLManager: Using default SSL protocol: TLS
2026-07-30 21:16:34,397 INFO o.a.j.u.JsseSSLManager: SSL session context: per-thread
2026-07-30 21:16:34,470 INFO o.a.j.u.SSLManager: JmeterKeyStore Location:  type JKS
2026-07-30 21:16:34,473 INFO o.a.j.u.SSLManager: KeyStore created OK
2026-07-30 21:16:34,473 WARN o.a.j.u.SSLManager: Keystore file not found, loading empty keystore
2026-07-30 21:16:35,616 INFO o.a.j.r.Summariser: summary +      1 in 00:00:01 =    0.7/s Avg:  1228 Min:  1228 Max:  1228 Err:     0 (0.00%) Active: 1 Started: 1 Finished: 0
2026-07-30 21:16:35,617 INFO o.a.j.t.JMeterThread: Thread is done: Thread Group 1-1
2026-07-30 21:16:35,617 INFO o.a.j.t.JMeterThread: Thread finished: Thread Group 1-1
2026-07-30 21:16:35,622 INFO o.a.j.e.StandardJMeterEngine: Notifying test listeners of end of test
2026-07-30 21:16:35,622 INFO o.a.j.r.Summariser: summary =      1 in 00:00:01 =    0.7/s Avg:  1228 Min:  1228 Max:  1228 Err:     0 (0.00%)
