2026-07-30 22:52:31,295 INFO o.a.j.u.JMeterUtils: Setting Locale to en_EN
2026-07-30 22:52:31,320 INFO o.a.j.JMeter: Loading user properties from: /opt/homebrew/Cellar/jmeter/5.6.3/libexec/bin/user.properties
2026-07-30 22:52:31,321 INFO o.a.j.JMeter: Loading system properties from: /opt/homebrew/Cellar/jmeter/5.6.3/libexec/bin/system.properties
2026-07-30 22:52:31,321 INFO o.a.j.JMeter: Setting JMeter property: jmeter.save.saveservice.output_format=xml
2026-07-30 22:52:31,321 INFO o.a.j.JMeter: Setting JMeter property: jmeter.save.saveservice.response_data=true
2026-07-30 22:52:31,322 INFO o.a.j.JMeter: Setting JMeter property: jmeter.save.saveservice.samplerData=true
2026-07-30 22:52:31,322 INFO o.a.j.JMeter: Setting JMeter property: jmeter.save.saveservice.requestHeaders=true
2026-07-30 22:52:31,322 INFO o.a.j.JMeter: Setting JMeter property: jmeter.save.saveservice.responseHeaders=true
2026-07-30 22:52:31,322 INFO o.a.j.JMeter: Setting JMeter property: jmeter.save.saveservice.assertion_results_failure_message=true
2026-07-30 22:52:31,327 INFO o.a.j.JMeter: Copyright (c) 1998-2024 The Apache Software Foundation
2026-07-30 22:52:31,327 INFO o.a.j.JMeter: Version 5.6.3
2026-07-30 22:52:31,327 INFO o.a.j.JMeter: java.version=21.0.12
2026-07-30 22:52:31,327 INFO o.a.j.JMeter: java.vm.name=OpenJDK 64-Bit Server VM
2026-07-30 22:52:31,327 INFO o.a.j.JMeter: os.name=Mac OS X
2026-07-30 22:52:31,327 INFO o.a.j.JMeter: os.arch=aarch64
2026-07-30 22:52:31,328 INFO o.a.j.JMeter: os.version=26.5.2
2026-07-30 22:52:31,328 INFO o.a.j.JMeter: file.encoding=UTF-8
2026-07-30 22:52:31,328 INFO o.a.j.JMeter: java.awt.headless=true
2026-07-30 22:52:31,328 INFO o.a.j.JMeter: Max memory     =1073741824
2026-07-30 22:52:31,328 INFO o.a.j.JMeter: Available Processors =8
2026-07-30 22:52:31,339 INFO o.a.j.JMeter: Default Locale=English (EN)
2026-07-30 22:52:31,339 INFO o.a.j.JMeter: JMeter  Locale=English (EN)
2026-07-30 22:52:31,340 INFO o.a.j.JMeter: JMeterHome=/opt/homebrew/Cellar/jmeter/5.6.3/libexec
2026-07-30 22:52:31,340 INFO o.a.j.JMeter: user.dir  =/Users/anatoliy/MyProject
2026-07-30 22:52:31,340 INFO o.a.j.JMeter: PWD       =/Users/anatoliy/MyProject
2026-07-30 22:52:31,342 INFO o.a.j.JMeter: IP: 127.0.0.1 Name: MacBook-Air-Anatoliy.local FullName: localhost
2026-07-30 22:52:31,357 INFO o.a.j.s.FileServer: Default base='/Users/anatoliy/MyProject'
2026-07-30 22:52:31,358 INFO o.a.j.s.FileServer: Set new base='/Users/anatoliy/MyProject'
2026-07-30 22:52:31,553 INFO o.a.j.s.SaveService: Testplan (JMX) version: 2.2. Testlog (JTL) version: 2.2
2026-07-30 22:52:31,589 INFO o.a.j.s.SaveService: Using SaveService properties version 5.0
2026-07-30 22:52:31,592 INFO o.a.j.s.SaveService: Using SaveService properties file encoding UTF-8
2026-07-30 22:52:31,594 INFO o.a.j.s.SaveService: Loading file: /Users/anatoliy/MyProject/test.jmx
2026-07-30 22:52:31,655 INFO o.a.j.p.h.s.HTTPSamplerBase: Parser for text/html is org.apache.jmeter.protocol.http.parser.LagartoBasedHtmlParser
2026-07-30 22:52:31,655 INFO o.a.j.p.h.s.HTTPSamplerBase: Parser for application/xhtml+xml is org.apache.jmeter.protocol.http.parser.LagartoBasedHtmlParser
2026-07-30 22:52:31,655 INFO o.a.j.p.h.s.HTTPSamplerBase: Parser for application/xml is org.apache.jmeter.protocol.http.parser.LagartoBasedHtmlParser
2026-07-30 22:52:31,655 INFO o.a.j.p.h.s.HTTPSamplerBase: Parser for text/xml is org.apache.jmeter.protocol.http.parser.LagartoBasedHtmlParser
2026-07-30 22:52:31,655 INFO o.a.j.p.h.s.HTTPSamplerBase: Parser for text/vnd.wap.wml is org.apache.jmeter.protocol.http.parser.RegexpHTMLParser
2026-07-30 22:52:31,655 INFO o.a.j.p.h.s.HTTPSamplerBase: Parser for text/css is org.apache.jmeter.protocol.http.parser.CssParser
2026-07-30 22:52:31,663 INFO o.a.j.JMeter: Creating summariser <summary>
2026-07-30 22:52:31,684 INFO o.a.j.e.StandardJMeterEngine: Running the test!
2026-07-30 22:52:31,685 INFO o.a.j.s.SampleEvent: List of sample_variables: []
2026-07-30 22:52:31,685 INFO o.a.j.s.SampleEvent: List of sample_variables: []
2026-07-30 22:52:31,690 INFO o.a.j.e.u.CompoundVariable: Note: Function class names must contain the string: '.functions.'
2026-07-30 22:52:31,690 INFO o.a.j.e.u.CompoundVariable: Note: Function class names must not contain the string: '.gui.'
2026-07-30 22:52:31,757 INFO o.a.j.r.ClassFinder: Will scan jar /opt/homebrew/Cellar/jmeter/5.6.3/libexec/lib/ext/jmeter-plugins-manager-1.9.jar with filter ExtendsClassFilter [parents=[interface org.apache.jmeter.functions.Function], inner=false, contains=null, notContains=null]. Consider exposing JMeter plugins via META-INF/services, and add JMeter-Skip-Class-Scanning=true manifest attribute so JMeter can skip classfile scanning
2026-07-30 22:52:31,857 INFO o.a.j.JMeter: Running test (1785441151857)
2026-07-30 22:52:31,874 INFO o.a.j.e.StandardJMeterEngine: Starting ThreadGroup: 1 : Thread Group
2026-07-30 22:52:31,874 INFO o.a.j.e.StandardJMeterEngine: Starting 5 threads for group Thread Group.
2026-07-30 22:52:31,875 INFO o.a.j.e.StandardJMeterEngine: Thread will continue on error
2026-07-30 22:52:31,875 INFO o.a.j.t.ThreadGroup: Starting thread group... number=1 threads=5 ramp-up=1 delayedStart=false
2026-07-30 22:52:31,880 INFO o.a.j.t.ThreadGroup: Started thread group number 1
2026-07-30 22:52:31,881 INFO o.a.j.e.StandardJMeterEngine: All thread groups have been started
2026-07-30 22:52:31,881 INFO o.a.j.t.JMeterThread: Thread started: Thread Group 1-1
2026-07-30 22:52:31,900 INFO o.a.j.p.h.s.HTTPHCAbstractImpl: Local host = MacBook-Air-Anatoliy.local
2026-07-30 22:52:31,906 INFO o.a.j.p.h.s.HTTPHC4Impl: HTTP request retry count = 0
2026-07-30 22:52:31,907 INFO o.a.j.s.SampleResult: Note: Sample TimeStamps are START times
2026-07-30 22:52:31,907 INFO o.a.j.s.SampleResult: sampleresult.default.encoding is set to UTF-8
2026-07-30 22:52:31,908 INFO o.a.j.s.SampleResult: sampleresult.useNanoTime=true
2026-07-30 22:52:31,908 INFO o.a.j.s.SampleResult: sampleresult.nanoThreadSleep=5000
2026-07-30 22:52:32,005 INFO o.a.j.p.h.s.h.LazyLayeredConnectionSocketFactory: Setting up HTTPS TrustAll Socket Factory
2026-07-30 22:52:32,011 INFO o.a.j.u.JsseSSLManager: Using default SSL protocol: TLS
2026-07-30 22:52:32,011 INFO o.a.j.u.JsseSSLManager: SSL session context: per-thread
2026-07-30 22:52:32,081 INFO o.a.j.t.JMeterThread: Thread started: Thread Group 1-2
2026-07-30 22:52:32,095 INFO o.a.j.u.SSLManager: JmeterKeyStore Location:  type JKS
2026-07-30 22:52:32,098 INFO o.a.j.u.SSLManager: KeyStore created OK
2026-07-30 22:52:32,099 WARN o.a.j.u.SSLManager: Keystore file not found, loading empty keystore
2026-07-30 22:52:32,282 INFO o.a.j.t.JMeterThread: Thread started: Thread Group 1-3
2026-07-30 22:52:32,376 INFO o.a.j.r.Summariser: summary +      1 in 00:00:01 =    1.9/s Avg:   390 Min:   390 Max:   390 Err:     0 (0.00%) Active: 3 Started: 3 Finished: 0
2026-07-30 22:52:32,436 INFO o.a.j.t.JMeterThread: Thread is done: Thread Group 1-2
2026-07-30 22:52:32,436 INFO o.a.j.t.JMeterThread: Thread finished: Thread Group 1-2
2026-07-30 22:52:32,442 INFO o.a.j.t.JMeterThread: Thread is done: Thread Group 1-3
2026-07-30 22:52:32,442 INFO o.a.j.t.JMeterThread: Thread finished: Thread Group 1-3
2026-07-30 22:52:32,442 INFO o.a.j.t.JMeterThread: Thread is done: Thread Group 1-1
2026-07-30 22:52:32,442 INFO o.a.j.t.JMeterThread: Thread finished: Thread Group 1-1
2026-07-30 22:52:32,482 INFO o.a.j.t.JMeterThread: Thread started: Thread Group 1-4
2026-07-30 22:52:32,574 INFO o.a.j.t.JMeterThread: Thread is done: Thread Group 1-4
2026-07-30 22:52:32,574 INFO o.a.j.t.JMeterThread: Thread finished: Thread Group 1-4
2026-07-30 22:52:32,681 INFO o.a.j.t.JMeterThread: Thread started: Thread Group 1-5
2026-07-30 22:52:32,840 INFO o.a.j.t.JMeterThread: Thread is done: Thread Group 1-5
2026-07-30 22:52:32,840 INFO o.a.j.t.JMeterThread: Thread finished: Thread Group 1-5
2026-07-30 22:52:32,841 INFO o.a.j.e.StandardJMeterEngine: Notifying test listeners of end of test
2026-07-30 22:52:32,841 INFO o.a.j.r.Summariser: summary +     14 in 00:00:00 =   30.0/s Avg:    57 Min:    17 Max:   287 Err:     0 (0.00%) Active: 0 Started: 5 Finished: 5
2026-07-30 22:52:32,842 INFO o.a.j.r.Summariser: summary =     15 in 00:00:01 =   15.2/s Avg:    79 Min:    17 Max:   390 Err:     0 (0.00%)
