2026-07-30 23:52:29,252 INFO o.a.j.u.JMeterUtils: Setting Locale to en_EN
2026-07-30 23:52:29,270 INFO o.a.j.JMeter: Loading user properties from: /opt/homebrew/Cellar/jmeter/5.6.3/libexec/bin/user.properties
2026-07-30 23:52:29,271 INFO o.a.j.JMeter: Loading system properties from: /opt/homebrew/Cellar/jmeter/5.6.3/libexec/bin/system.properties
2026-07-30 23:52:29,271 INFO o.a.j.JMeter: Setting JMeter property: jmeter.save.saveservice.output_format=xml
2026-07-30 23:52:29,271 INFO o.a.j.JMeter: Setting JMeter property: jmeter.save.saveservice.response_data=true
2026-07-30 23:52:29,271 INFO o.a.j.JMeter: Setting JMeter property: jmeter.save.saveservice.samplerData=true
2026-07-30 23:52:29,271 INFO o.a.j.JMeter: Setting JMeter property: jmeter.save.saveservice.requestHeaders=true
2026-07-30 23:52:29,271 INFO o.a.j.JMeter: Setting JMeter property: jmeter.save.saveservice.responseHeaders=true
2026-07-30 23:52:29,272 INFO o.a.j.JMeter: Setting JMeter property: jmeter.save.saveservice.assertion_results_failure_message=true
2026-07-30 23:52:29,275 INFO o.a.j.JMeter: Copyright (c) 1998-2024 The Apache Software Foundation
2026-07-30 23:52:29,276 INFO o.a.j.JMeter: Version 5.6.3
2026-07-30 23:52:29,276 INFO o.a.j.JMeter: java.version=21.0.12
2026-07-30 23:52:29,276 INFO o.a.j.JMeter: java.vm.name=OpenJDK 64-Bit Server VM
2026-07-30 23:52:29,276 INFO o.a.j.JMeter: os.name=Mac OS X
2026-07-30 23:52:29,276 INFO o.a.j.JMeter: os.arch=aarch64
2026-07-30 23:52:29,276 INFO o.a.j.JMeter: os.version=26.5.2
2026-07-30 23:52:29,276 INFO o.a.j.JMeter: file.encoding=UTF-8
2026-07-30 23:52:29,276 INFO o.a.j.JMeter: java.awt.headless=true
2026-07-30 23:52:29,276 INFO o.a.j.JMeter: Max memory     =1073741824
2026-07-30 23:52:29,276 INFO o.a.j.JMeter: Available Processors =8
2026-07-30 23:52:29,284 INFO o.a.j.JMeter: Default Locale=English (EN)
2026-07-30 23:52:29,284 INFO o.a.j.JMeter: JMeter  Locale=English (EN)
2026-07-30 23:52:29,284 INFO o.a.j.JMeter: JMeterHome=/opt/homebrew/Cellar/jmeter/5.6.3/libexec
2026-07-30 23:52:29,284 INFO o.a.j.JMeter: user.dir  =/Users/anatoliy/MyProject
2026-07-30 23:52:29,285 INFO o.a.j.JMeter: PWD       =/Users/anatoliy/MyProject
2026-07-30 23:52:29,287 INFO o.a.j.JMeter: IP: 127.0.0.1 Name: MacBook-Air-Anatoliy.local FullName: localhost
2026-07-30 23:52:29,298 INFO o.a.j.s.FileServer: Default base='/Users/anatoliy/MyProject'
2026-07-30 23:52:29,299 INFO o.a.j.s.FileServer: Set new base='/Users/anatoliy/MyProject'
2026-07-30 23:52:29,441 INFO o.a.j.s.SaveService: Testplan (JMX) version: 2.2. Testlog (JTL) version: 2.2
2026-07-30 23:52:29,470 INFO o.a.j.s.SaveService: Using SaveService properties version 5.0
2026-07-30 23:52:29,472 INFO o.a.j.s.SaveService: Using SaveService properties file encoding UTF-8
2026-07-30 23:52:29,474 INFO o.a.j.s.SaveService: Loading file: /Users/anatoliy/MyProject/test.jmx
2026-07-30 23:52:29,523 INFO o.a.j.p.h.s.HTTPSamplerBase: Parser for text/html is org.apache.jmeter.protocol.http.parser.LagartoBasedHtmlParser
2026-07-30 23:52:29,523 INFO o.a.j.p.h.s.HTTPSamplerBase: Parser for application/xhtml+xml is org.apache.jmeter.protocol.http.parser.LagartoBasedHtmlParser
2026-07-30 23:52:29,523 INFO o.a.j.p.h.s.HTTPSamplerBase: Parser for application/xml is org.apache.jmeter.protocol.http.parser.LagartoBasedHtmlParser
2026-07-30 23:52:29,523 INFO o.a.j.p.h.s.HTTPSamplerBase: Parser for text/xml is org.apache.jmeter.protocol.http.parser.LagartoBasedHtmlParser
2026-07-30 23:52:29,523 INFO o.a.j.p.h.s.HTTPSamplerBase: Parser for text/vnd.wap.wml is org.apache.jmeter.protocol.http.parser.RegexpHTMLParser
2026-07-30 23:52:29,524 INFO o.a.j.p.h.s.HTTPSamplerBase: Parser for text/css is org.apache.jmeter.protocol.http.parser.CssParser
2026-07-30 23:52:29,537 INFO o.a.j.JMeter: Creating summariser <summary>
2026-07-30 23:52:29,555 INFO o.a.j.e.StandardJMeterEngine: Running the test!
2026-07-30 23:52:29,556 INFO o.a.j.s.SampleEvent: List of sample_variables: []
2026-07-30 23:52:29,556 INFO o.a.j.s.SampleEvent: List of sample_variables: []
2026-07-30 23:52:29,559 INFO o.a.j.e.u.CompoundVariable: Note: Function class names must contain the string: '.functions.'
2026-07-30 23:52:29,559 INFO o.a.j.e.u.CompoundVariable: Note: Function class names must not contain the string: '.gui.'
2026-07-30 23:52:29,605 INFO o.a.j.r.ClassFinder: Will scan jar /opt/homebrew/Cellar/jmeter/5.6.3/libexec/lib/ext/jmeter-plugins-manager-1.9.jar with filter ExtendsClassFilter [parents=[interface org.apache.jmeter.functions.Function], inner=false, contains=null, notContains=null]. Consider exposing JMeter plugins via META-INF/services, and add JMeter-Skip-Class-Scanning=true manifest attribute so JMeter can skip classfile scanning
2026-07-30 23:52:29,672 INFO o.a.j.JMeter: Running test (1785444749672)
2026-07-30 23:52:29,684 INFO o.a.j.e.StandardJMeterEngine: Starting ThreadGroup: 1 : Thread Group
2026-07-30 23:52:29,684 INFO o.a.j.e.StandardJMeterEngine: Starting 10 threads for group Thread Group.
2026-07-30 23:52:29,684 INFO o.a.j.e.StandardJMeterEngine: Thread will continue on error
2026-07-30 23:52:29,685 INFO o.a.j.t.ThreadGroup: Starting thread group... number=1 threads=10 ramp-up=10 delayedStart=false
2026-07-30 23:52:29,689 INFO o.a.j.t.JMeterThread: Thread started: Thread Group 1-1
2026-07-30 23:52:29,695 INFO o.a.j.t.ThreadGroup: Started thread group number 1
2026-07-30 23:52:29,695 INFO o.a.j.e.StandardJMeterEngine: All thread groups have been started
2026-07-30 23:52:29,702 INFO o.a.j.p.h.s.HTTPHCAbstractImpl: Local host = MacBook-Air-Anatoliy.local
2026-07-30 23:52:29,706 INFO o.a.j.p.h.s.HTTPHC4Impl: HTTP request retry count = 0
2026-07-30 23:52:29,707 INFO o.a.j.s.SampleResult: Note: Sample TimeStamps are START times
2026-07-30 23:52:29,707 INFO o.a.j.s.SampleResult: sampleresult.default.encoding is set to UTF-8
2026-07-30 23:52:29,707 INFO o.a.j.s.SampleResult: sampleresult.useNanoTime=true
2026-07-30 23:52:29,708 INFO o.a.j.s.SampleResult: sampleresult.nanoThreadSleep=5000
2026-07-30 23:52:29,774 INFO o.a.j.t.JMeterThread: Thread is done: Thread Group 1-1
2026-07-30 23:52:29,774 INFO o.a.j.t.JMeterThread: Thread finished: Thread Group 1-1
2026-07-30 23:52:30,690 INFO o.a.j.t.JMeterThread: Thread started: Thread Group 1-2
2026-07-30 23:52:30,693 INFO o.a.j.r.Summariser: summary +     16 in 00:00:01 =   15.7/s Avg:     0 Min:     0 Max:     1 Err:    16 (100.00%) Active: 1 Started: 2 Finished: 1
2026-07-30 23:52:30,703 INFO o.a.j.t.JMeterThread: Thread is done: Thread Group 1-2
2026-07-30 23:52:30,703 INFO o.a.j.t.JMeterThread: Thread finished: Thread Group 1-2
2026-07-30 23:52:31,689 INFO o.a.j.t.JMeterThread: Thread started: Thread Group 1-3
2026-07-30 23:52:31,702 INFO o.a.j.t.JMeterThread: Thread is done: Thread Group 1-3
2026-07-30 23:52:31,702 INFO o.a.j.t.JMeterThread: Thread finished: Thread Group 1-3
2026-07-30 23:52:32,692 INFO o.a.j.t.JMeterThread: Thread started: Thread Group 1-4
2026-07-30 23:52:32,705 INFO o.a.j.t.JMeterThread: Thread is done: Thread Group 1-4
2026-07-30 23:52:32,705 INFO o.a.j.t.JMeterThread: Thread finished: Thread Group 1-4
2026-07-30 23:52:33,691 INFO o.a.j.t.JMeterThread: Thread started: Thread Group 1-5
2026-07-30 23:52:33,697 INFO o.a.j.t.JMeterThread: Thread is done: Thread Group 1-5
2026-07-30 23:52:33,698 INFO o.a.j.t.JMeterThread: Thread finished: Thread Group 1-5
2026-07-30 23:52:34,691 INFO o.a.j.t.JMeterThread: Thread started: Thread Group 1-6
2026-07-30 23:52:34,698 INFO o.a.j.t.JMeterThread: Thread is done: Thread Group 1-6
2026-07-30 23:52:34,698 INFO o.a.j.t.JMeterThread: Thread finished: Thread Group 1-6
2026-07-30 23:52:35,691 INFO o.a.j.t.JMeterThread: Thread started: Thread Group 1-7
2026-07-30 23:52:35,698 INFO o.a.j.t.JMeterThread: Thread is done: Thread Group 1-7
2026-07-30 23:52:35,698 INFO o.a.j.t.JMeterThread: Thread finished: Thread Group 1-7
2026-07-30 23:52:36,691 INFO o.a.j.t.JMeterThread: Thread started: Thread Group 1-8
2026-07-30 23:52:36,697 INFO o.a.j.t.JMeterThread: Thread is done: Thread Group 1-8
2026-07-30 23:52:36,697 INFO o.a.j.t.JMeterThread: Thread finished: Thread Group 1-8
2026-07-30 23:52:37,691 INFO o.a.j.t.JMeterThread: Thread started: Thread Group 1-9
2026-07-30 23:52:37,698 INFO o.a.j.t.JMeterThread: Thread is done: Thread Group 1-9
2026-07-30 23:52:37,698 INFO o.a.j.t.JMeterThread: Thread finished: Thread Group 1-9
2026-07-30 23:52:38,691 INFO o.a.j.t.JMeterThread: Thread started: Thread Group 1-10
2026-07-30 23:52:38,698 INFO o.a.j.t.JMeterThread: Thread is done: Thread Group 1-10
2026-07-30 23:52:38,698 INFO o.a.j.t.JMeterThread: Thread finished: Thread Group 1-10
2026-07-30 23:52:38,698 INFO o.a.j.e.StandardJMeterEngine: Notifying test listeners of end of test
2026-07-30 23:52:38,701 INFO o.a.j.r.Summariser: summary +    134 in 00:00:08 =   16.7/s Avg:     0 Min:     0 Max:     1 Err:   134 (100.00%) Active: 0 Started: 10 Finished: 10
2026-07-30 23:52:38,701 INFO o.a.j.r.Summariser: summary =    150 in 00:00:09 =   16.6/s Avg:     0 Min:     0 Max:     1 Err:   150 (100.00%)
