2026-07-30 23:38:49,798 INFO o.a.j.u.JMeterUtils: Setting Locale to en_EN
2026-07-30 23:38:49,814 INFO o.a.j.JMeter: Loading user properties from: /opt/homebrew/Cellar/jmeter/5.6.3/libexec/bin/user.properties
2026-07-30 23:38:49,815 INFO o.a.j.JMeter: Loading system properties from: /opt/homebrew/Cellar/jmeter/5.6.3/libexec/bin/system.properties
2026-07-30 23:38:49,815 INFO o.a.j.JMeter: Setting JMeter property: jmeter.save.saveservice.output_format=xml
2026-07-30 23:38:49,815 INFO o.a.j.JMeter: Setting JMeter property: jmeter.save.saveservice.response_data=true
2026-07-30 23:38:49,815 INFO o.a.j.JMeter: Setting JMeter property: jmeter.save.saveservice.samplerData=true
2026-07-30 23:38:49,815 INFO o.a.j.JMeter: Setting JMeter property: jmeter.save.saveservice.requestHeaders=true
2026-07-30 23:38:49,815 INFO o.a.j.JMeter: Setting JMeter property: jmeter.save.saveservice.responseHeaders=true
2026-07-30 23:38:49,815 INFO o.a.j.JMeter: Setting JMeter property: jmeter.save.saveservice.assertion_results_failure_message=true
2026-07-30 23:38:49,819 INFO o.a.j.JMeter: Copyright (c) 1998-2024 The Apache Software Foundation
2026-07-30 23:38:49,819 INFO o.a.j.JMeter: Version 5.6.3
2026-07-30 23:38:49,819 INFO o.a.j.JMeter: java.version=21.0.12
2026-07-30 23:38:49,819 INFO o.a.j.JMeter: java.vm.name=OpenJDK 64-Bit Server VM
2026-07-30 23:38:49,819 INFO o.a.j.JMeter: os.name=Mac OS X
2026-07-30 23:38:49,819 INFO o.a.j.JMeter: os.arch=aarch64
2026-07-30 23:38:49,819 INFO o.a.j.JMeter: os.version=26.5.2
2026-07-30 23:38:49,819 INFO o.a.j.JMeter: file.encoding=UTF-8
2026-07-30 23:38:49,819 INFO o.a.j.JMeter: java.awt.headless=true
2026-07-30 23:38:49,819 INFO o.a.j.JMeter: Max memory     =1073741824
2026-07-30 23:38:49,819 INFO o.a.j.JMeter: Available Processors =8
2026-07-30 23:38:49,826 INFO o.a.j.JMeter: Default Locale=English (EN)
2026-07-30 23:38:49,826 INFO o.a.j.JMeter: JMeter  Locale=English (EN)
2026-07-30 23:38:49,826 INFO o.a.j.JMeter: JMeterHome=/opt/homebrew/Cellar/jmeter/5.6.3/libexec
2026-07-30 23:38:49,826 INFO o.a.j.JMeter: user.dir  =/Users/anatoliy/MyProject
2026-07-30 23:38:49,826 INFO o.a.j.JMeter: PWD       =/Users/anatoliy/MyProject
2026-07-30 23:38:49,829 INFO o.a.j.JMeter: IP: 127.0.0.1 Name: MacBook-Air-Anatoliy.local FullName: localhost
2026-07-30 23:38:49,839 INFO o.a.j.s.FileServer: Default base='/Users/anatoliy/MyProject'
2026-07-30 23:38:49,840 INFO o.a.j.s.FileServer: Set new base='/Users/anatoliy/MyProject'
2026-07-30 23:38:49,961 INFO o.a.j.s.SaveService: Testplan (JMX) version: 2.2. Testlog (JTL) version: 2.2
2026-07-30 23:38:49,985 INFO o.a.j.s.SaveService: Using SaveService properties version 5.0
2026-07-30 23:38:49,987 INFO o.a.j.s.SaveService: Using SaveService properties file encoding UTF-8
2026-07-30 23:38:49,989 INFO o.a.j.s.SaveService: Loading file: /Users/anatoliy/MyProject/test.jmx
2026-07-30 23:38:50,031 INFO o.a.j.p.h.s.HTTPSamplerBase: Parser for text/html is org.apache.jmeter.protocol.http.parser.LagartoBasedHtmlParser
2026-07-30 23:38:50,031 INFO o.a.j.p.h.s.HTTPSamplerBase: Parser for application/xhtml+xml is org.apache.jmeter.protocol.http.parser.LagartoBasedHtmlParser
2026-07-30 23:38:50,031 INFO o.a.j.p.h.s.HTTPSamplerBase: Parser for application/xml is org.apache.jmeter.protocol.http.parser.LagartoBasedHtmlParser
2026-07-30 23:38:50,031 INFO o.a.j.p.h.s.HTTPSamplerBase: Parser for text/xml is org.apache.jmeter.protocol.http.parser.LagartoBasedHtmlParser
2026-07-30 23:38:50,031 INFO o.a.j.p.h.s.HTTPSamplerBase: Parser for text/vnd.wap.wml is org.apache.jmeter.protocol.http.parser.RegexpHTMLParser
2026-07-30 23:38:50,032 INFO o.a.j.p.h.s.HTTPSamplerBase: Parser for text/css is org.apache.jmeter.protocol.http.parser.CssParser
2026-07-30 23:38:50,043 INFO o.a.j.JMeter: Creating summariser <summary>
2026-07-30 23:38:50,058 INFO o.a.j.e.StandardJMeterEngine: Running the test!
2026-07-30 23:38:50,059 INFO o.a.j.s.SampleEvent: List of sample_variables: []
2026-07-30 23:38:50,059 INFO o.a.j.s.SampleEvent: List of sample_variables: []
2026-07-30 23:38:50,062 INFO o.a.j.e.u.CompoundVariable: Note: Function class names must contain the string: '.functions.'
2026-07-30 23:38:50,062 INFO o.a.j.e.u.CompoundVariable: Note: Function class names must not contain the string: '.gui.'
2026-07-30 23:38:50,109 INFO o.a.j.r.ClassFinder: Will scan jar /opt/homebrew/Cellar/jmeter/5.6.3/libexec/lib/ext/jmeter-plugins-manager-1.9.jar with filter ExtendsClassFilter [parents=[interface org.apache.jmeter.functions.Function], inner=false, contains=null, notContains=null]. Consider exposing JMeter plugins via META-INF/services, and add JMeter-Skip-Class-Scanning=true manifest attribute so JMeter can skip classfile scanning
2026-07-30 23:38:50,176 INFO o.a.j.JMeter: Running test (1785443930176)
2026-07-30 23:38:50,188 INFO o.a.j.e.StandardJMeterEngine: Starting ThreadGroup: 1 : Thread Group
2026-07-30 23:38:50,188 INFO o.a.j.e.StandardJMeterEngine: Starting 10 threads for group Thread Group.
2026-07-30 23:38:50,188 INFO o.a.j.e.StandardJMeterEngine: Thread will continue on error
2026-07-30 23:38:50,188 INFO o.a.j.t.ThreadGroup: Starting thread group... number=1 threads=10 ramp-up=60 delayedStart=false
2026-07-30 23:38:50,193 INFO o.a.j.t.JMeterThread: Thread started: Thread Group 1-1
2026-07-30 23:38:50,197 INFO o.a.j.t.ThreadGroup: Started thread group number 1
2026-07-30 23:38:50,197 INFO o.a.j.e.StandardJMeterEngine: All thread groups have been started
2026-07-30 23:38:50,206 INFO o.a.j.p.h.s.HTTPHCAbstractImpl: Local host = MacBook-Air-Anatoliy.local
2026-07-30 23:38:50,209 INFO o.a.j.p.h.s.HTTPHC4Impl: HTTP request retry count = 0
2026-07-30 23:38:50,210 INFO o.a.j.s.SampleResult: Note: Sample TimeStamps are START times
2026-07-30 23:38:50,211 INFO o.a.j.s.SampleResult: sampleresult.default.encoding is set to UTF-8
2026-07-30 23:38:50,211 INFO o.a.j.s.SampleResult: sampleresult.useNanoTime=true
2026-07-30 23:38:50,211 INFO o.a.j.s.SampleResult: sampleresult.nanoThreadSleep=5000
2026-07-30 23:38:50,277 INFO o.a.j.t.JMeterThread: Thread is done: Thread Group 1-1
2026-07-30 23:38:50,278 INFO o.a.j.t.JMeterThread: Thread finished: Thread Group 1-1
2026-07-30 23:38:56,193 INFO o.a.j.t.JMeterThread: Thread started: Thread Group 1-2
2026-07-30 23:38:56,218 INFO o.a.j.t.JMeterThread: Thread is done: Thread Group 1-2
2026-07-30 23:38:56,218 INFO o.a.j.t.JMeterThread: Thread finished: Thread Group 1-2
2026-07-30 23:39:02,191 INFO o.a.j.t.JMeterThread: Thread started: Thread Group 1-3
2026-07-30 23:39:02,194 INFO o.a.j.r.Summariser: summary +     31 in 00:00:12 =    2.6/s Avg:     0 Min:     0 Max:     2 Err:    31 (100.00%) Active: 1 Started: 3 Finished: 2
2026-07-30 23:39:02,203 INFO o.a.j.t.JMeterThread: Thread is done: Thread Group 1-3
2026-07-30 23:39:02,203 INFO o.a.j.t.JMeterThread: Thread finished: Thread Group 1-3
2026-07-30 23:39:08,194 INFO o.a.j.t.JMeterThread: Thread started: Thread Group 1-4
2026-07-30 23:39:08,211 INFO o.a.j.t.JMeterThread: Thread is done: Thread Group 1-4
2026-07-30 23:39:08,211 INFO o.a.j.t.JMeterThread: Thread finished: Thread Group 1-4
2026-07-30 23:39:14,191 INFO o.a.j.t.JMeterThread: Thread started: Thread Group 1-5
2026-07-30 23:39:14,201 INFO o.a.j.t.JMeterThread: Thread is done: Thread Group 1-5
2026-07-30 23:39:14,201 INFO o.a.j.t.JMeterThread: Thread finished: Thread Group 1-5
2026-07-30 23:39:20,195 INFO o.a.j.t.JMeterThread: Thread started: Thread Group 1-6
2026-07-30 23:39:20,210 INFO o.a.j.t.JMeterThread: Thread is done: Thread Group 1-6
2026-07-30 23:39:20,210 INFO o.a.j.t.JMeterThread: Thread finished: Thread Group 1-6
2026-07-30 23:39:26,194 INFO o.a.j.t.JMeterThread: Thread started: Thread Group 1-7
2026-07-30 23:39:26,201 INFO o.a.j.t.JMeterThread: Thread is done: Thread Group 1-7
2026-07-30 23:39:26,201 INFO o.a.j.t.JMeterThread: Thread finished: Thread Group 1-7
2026-07-30 23:39:32,195 INFO o.a.j.t.JMeterThread: Thread started: Thread Group 1-8
2026-07-30 23:39:32,200 INFO o.a.j.r.Summariser: summary +     75 in 00:00:30 =    2.5/s Avg:     0 Min:     0 Max:     0 Err:    75 (100.00%) Active: 1 Started: 8 Finished: 7
2026-07-30 23:39:32,201 INFO o.a.j.r.Summariser: summary =    106 in 00:00:42 =    2.5/s Avg:     0 Min:     0 Max:     2 Err:   106 (100.00%)
2026-07-30 23:39:32,212 INFO o.a.j.t.JMeterThread: Thread is done: Thread Group 1-8
2026-07-30 23:39:32,213 INFO o.a.j.t.JMeterThread: Thread finished: Thread Group 1-8
2026-07-30 23:39:38,194 INFO o.a.j.t.JMeterThread: Thread started: Thread Group 1-9
2026-07-30 23:39:38,204 INFO o.a.j.t.JMeterThread: Thread is done: Thread Group 1-9
2026-07-30 23:39:38,204 INFO o.a.j.t.JMeterThread: Thread finished: Thread Group 1-9
2026-07-30 23:39:44,194 INFO o.a.j.t.JMeterThread: Thread started: Thread Group 1-10
2026-07-30 23:39:44,206 INFO o.a.j.t.JMeterThread: Thread is done: Thread Group 1-10
2026-07-30 23:39:44,206 INFO o.a.j.t.JMeterThread: Thread finished: Thread Group 1-10
2026-07-30 23:39:44,207 INFO o.a.j.e.StandardJMeterEngine: Notifying test listeners of end of test
2026-07-30 23:39:44,208 INFO o.a.j.r.Summariser: summary +     44 in 00:00:12 =    3.7/s Avg:     0 Min:     0 Max:     0 Err:    44 (100.00%) Active: 0 Started: 10 Finished: 10
2026-07-30 23:39:44,208 INFO o.a.j.r.Summariser: summary =    150 in 00:00:54 =    2.8/s Avg:     0 Min:     0 Max:     2 Err:   150 (100.00%)
